../Drivers/CMSIS/Include/core_cm7.h:2229:22:SCB_EnableICache	4	static,ignoring_inline_asm
../Drivers/CMSIS/Include/core_cm7.h:2281:22:SCB_EnableDCache	24	static,ignoring_inline_asm
../Core/Src/main.c:127:5:main	8	static
../Core/Src/main.c:234:6:SystemClock_Config	88	static
../Core/Src/main.c:287:13:MX_CRC_Init	8	static
../Core/Src/main.c:318:13:MX_DMA2D_Init	8	static
../Core/Src/main.c:355:13:MX_I2C3_Init	8	static
../Core/Src/main.c:403:13:MX_LTDC_Init	64	static
../Core/Src/main.c:465:13:MX_QUADSPI_Init	8	static
../Core/Src/main.c:499:13:MX_FMC_Init	40	static
../Core/Src/main.c:603:13:MX_GPIO_Init	72	static
../Core/Src/main.c:687:6:StartDefaultTask	16	static
../Core/Src/main.c:700:6:MPU_Config	24	static
../Core/Src/main.c:743:6:HAL_TIM_PeriodElapsedCallback	16	static
../Core/Src/main.c:760:6:Error_Handler	4	static
