../Core/Src/stm32f7xx_hal_msp.c:64:6:HAL_MspInit	16	static
../Core/Src/stm32f7xx_hal_msp.c:89:6:HAL_CRC_MspInit	24	static
../Core/Src/stm32f7xx_hal_msp.c:112:6:HAL_CRC_MspDeInit	16	static
../Core/Src/stm32f7xx_hal_msp.c:134:6:HAL_DMA2D_MspInit	24	static
../Core/Src/stm32f7xx_hal_msp.c:160:6:HAL_DMA2D_MspDeInit	16	static
../Core/Src/stm32f7xx_hal_msp.c:185:6:HAL_I2C_MspInit	176	static
../Core/Src/stm32f7xx_hal_msp.c:232:6:HAL_I2C_MspDeInit	16	static
../Core/Src/stm32f7xx_hal_msp.c:263:6:HAL_LTDC_MspInit	192	static
../Core/Src/stm32f7xx_hal_msp.c:381:6:HAL_LTDC_MspDeInit	16	static
../Core/Src/stm32f7xx_hal_msp.c:450:6:HAL_QSPI_MspInit	56	static
../Core/Src/stm32f7xx_hal_msp.c:514:6:HAL_QSPI_MspDeInit	16	static
../Core/Src/stm32f7xx_hal_msp.c:547:13:HAL_FMC_MspInit	32	static
../Core/Src/stm32f7xx_hal_msp.c:653:6:HAL_SDRAM_MspInit	16	static
../Core/Src/stm32f7xx_hal_msp.c:665:13:HAL_FMC_MspDeInit	8	static
../Core/Src/stm32f7xx_hal_msp.c:739:6:HAL_SDRAM_MspDeInit	16	static
