../Middlewares/ST/touchgfx/framework/include/touchgfx/Bitmap.hpp:136:5:touchgfx::Bitmap::Bitmap(touchgfx::BitmapId)	16	static
../Middlewares/ST/touchgfx/framework/include/touchgfx/Drawable.hpp:515:10:void touchgfx::Drawable::setVisible(bool)	16	static
../Middlewares/ST/touchgfx/framework/include/touchgfx/Screen.hpp:104:18:virtual void touchgfx::Screen::afterTransition()	16	static
../Middlewares/ST/touchgfx/framework/include/touchgfx/Screen.hpp:115:18:virtual void touchgfx::Screen::tearDownScreen()	16	static
../Middlewares/ST/touchgfx/framework/include/touchgfx/Screen.hpp:154:18:virtual void touchgfx::Screen::handleKeyEvent(uint8_t)	16	static
../TouchGFX/gui/include/gui/model/Model.hpp:32:10:void Model::saveCounter(uint32_t)	16	static
../TouchGFX/gui/include/gui/model/Model.hpp:37:10:void Model::savePrice(uint32_t)	16	static
../TouchGFX/gui/include/gui/model/Model.hpp:42:10:void Model::saveTotalPrice(uint32_t)	16	static
../TouchGFX/gui/include/gui/model/Model.hpp:47:10:void Model::saveImageCode(uint16_t)	16	static
../TouchGFX/gui/include/gui/model/Model.hpp:52:10:void Model::saveTextID(int)	16	static
../TouchGFX/gui/include/gui/model/Model.hpp:23:20:Model::_Cart::_Cart()	16	static
../TouchGFX/gui/include/gui/model/Model.hpp:97:10:void Model::addItem(int, uint32_t, uint32_t)	64	static
../TouchGFX/gui/include/gui/model/Model.hpp:108:10:void Model::updateItem(int, uint32_t, uint32_t)	40	static
../TouchGFX/gui/include/gui/order_screen/ORDERPresenter.hpp:31:10:void ORDERPresenter::saveCounter(uint32_t)	16	static
../TouchGFX/gui/include/gui/order_screen/ORDERPresenter.hpp:36:10:void ORDERPresenter::savePrice(uint32_t)	16	static
../TouchGFX/gui/include/gui/order_screen/ORDERPresenter.hpp:41:10:void ORDERPresenter::saveTotalPrice(uint32_t)	16	static
../TouchGFX/gui/include/gui/order_screen/ORDERPresenter.hpp:46:10:void ORDERPresenter::saveImageCode(uint16_t)	16	static
../TouchGFX/gui/include/gui/order_screen/ORDERPresenter.hpp:51:10:void ORDERPresenter::saveTextID(int)	16	static
../TouchGFX/gui/include/gui/order_screen/ORDERPresenter.hpp:86:10:void ORDERPresenter::updateItem(int, uint32_t, uint32_t)	24	static
../Middlewares/ST/touchgfx/framework/include/touchgfx/TypedText.hpp:59:5:touchgfx::TypedText::TypedText(touchgfx::TypedTextId)	16	static
../Middlewares/ST/touchgfx/framework/include/touchgfx/TypedText.hpp:65:13:touchgfx::TypedText::~TypedText()	16	static
../Middlewares/ST/touchgfx/framework/include/touchgfx/TypedText.hpp:65:13:virtual touchgfx::TypedText::~TypedText()	16	static
../TouchGFX/gui/include/gui/order_screen/ORDERView.hpp:13:13:ORDERView::~ORDERView()	16	static
../TouchGFX/gui/include/gui/order_screen/ORDERView.hpp:13:13:virtual ORDERView::~ORDERView()	16	static
../TouchGFX/gui/src/order_screen/ORDERView.cpp:5:1:ORDERView::ORDERView()	16	static
../TouchGFX/gui/src/order_screen/ORDERView.cpp:10:6:virtual void ORDERView::setupScreen()	16	static
../TouchGFX/gui/src/order_screen/ORDERView.cpp:15:6:virtual void ORDERView::tearDownScreen()	16	static
../TouchGFX/gui/src/order_screen/ORDERView.cpp:20:6:void ORDERView::hiddenContainer()	16	static
../TouchGFX/gui/src/order_screen/ORDERView.cpp:37:6:virtual void ORDERView::selected_recommend()	16	static
../TouchGFX/gui/src/order_screen/ORDERView.cpp:44:6:virtual void ORDERView::selected_coffe()	16	static
../TouchGFX/gui/src/order_screen/ORDERView.cpp:51:6:virtual void ORDERView::selected_beverage()	16	static
../TouchGFX/gui/src/order_screen/ORDERView.cpp:58:6:virtual void ORDERView::selected_tea()	16	static
../TouchGFX/gui/src/order_screen/ORDERView.cpp:65:6:virtual void ORDERView::selected_food()	16	static
../TouchGFX/gui/src/order_screen/ORDERView.cpp:72:6:virtual void ORDERView::deselectable_button()	16	static
../TouchGFX/gui/src/order_screen/ORDERView.cpp:79:6:void ORDERView::formatPriceWithComma(uint32_t, touchgfx::Unicode::UnicodeChar*, uint16_t)	72	static
../TouchGFX/gui/src/order_screen/ORDERView.cpp:102:6:virtual void ORDERView::onAddButtonClicked()	16	static
../TouchGFX/gui/src/order_screen/ORDERView.cpp:116:6:virtual void ORDERView::onMinusButtonClicked()	16	static
../TouchGFX/gui/src/order_screen/ORDERView.cpp:133:6:virtual void ORDERView::hideDetail()	16	static
../TouchGFX/gui/src/order_screen/ORDERView.cpp:141:6:virtual void ORDERView::nowPurchase()	16	static
../TouchGFX/gui/src/order_screen/ORDERView.cpp:150:6:virtual void ORDERView::putMenu()	16	static
../TouchGFX/gui/src/order_screen/ORDERView.cpp:155:6:virtual void ORDERView::menu0()	48	static
../TouchGFX/gui/src/order_screen/ORDERView.cpp:179:6:virtual void ORDERView::menu1()	48	static
../TouchGFX/gui/src/order_screen/ORDERView.cpp:203:6:virtual void ORDERView::menu2()	48	static
../TouchGFX/gui/src/order_screen/ORDERView.cpp:227:6:virtual void ORDERView::menu3()	48	static
../TouchGFX/gui/src/order_screen/ORDERView.cpp:251:6:virtual void ORDERView::menu4()	48	static
../TouchGFX/gui/src/order_screen/ORDERView.cpp:275:6:virtual void ORDERView::menu5()	48	static
../TouchGFX/gui/src/order_screen/ORDERView.cpp:299:6:virtual void ORDERView::menu6()	48	static
../TouchGFX/gui/src/order_screen/ORDERView.cpp:323:6:virtual void ORDERView::menu7()	48	static
../TouchGFX/gui/src/order_screen/ORDERView.cpp:347:6:virtual void ORDERView::menu8()	48	static
../TouchGFX/gui/src/order_screen/ORDERView.cpp:371:6:virtual void ORDERView::menu9()	48	static
../TouchGFX/gui/src/order_screen/ORDERView.cpp:395:6:virtual void ORDERView::menu10()	48	static
../TouchGFX/gui/src/order_screen/ORDERView.cpp:419:6:virtual void ORDERView::menu11()	48	static
../TouchGFX/gui/src/order_screen/ORDERView.cpp:443:6:virtual void ORDERView::menu12()	48	static
../TouchGFX/gui/src/order_screen/ORDERView.cpp:467:6:virtual void ORDERView::menu13()	48	static
../TouchGFX/gui/src/order_screen/ORDERView.cpp:491:6:virtual void ORDERView::menu14()	48	static
../TouchGFX/gui/src/order_screen/ORDERView.cpp:515:6:virtual void ORDERView::menu15()	48	static
../TouchGFX/gui/src/order_screen/ORDERView.cpp:539:6:virtual void ORDERView::menu16()	48	static
../TouchGFX/gui/src/order_screen/ORDERView.cpp:563:6:virtual void ORDERView::menu17()	48	static
../TouchGFX/gui/src/order_screen/ORDERView.cpp:587:6:virtual void ORDERView::menu18()	48	static
../Middlewares/ST/touchgfx/framework/include/touchgfx/hal/Types.hpp:417:10:void touchgfx::Vector<T, capacity>::add(T) [with T = Model::_Cart; short unsigned int capacity = 19]	24	static
../Middlewares/ST/touchgfx/framework/include/touchgfx/hal/Types.hpp:529:14:uint16_t touchgfx::Vector<T, capacity>::size() const [with T = Model::_Cart; short unsigned int capacity = 19]	16	static
../Middlewares/ST/touchgfx/framework/include/touchgfx/hal/Types.hpp:391:8:T& touchgfx::Vector<T, capacity>::operator[](uint16_t) [with T = Model::_Cart; short unsigned int capacity = 19]	16	static
