../Drivers/CMSIS/Include/core_cm7.h:2229:22:SCB_EnableICache	4	static,ignoring_inline_asm
../Drivers/CMSIS/Include/core_cm7.h:2281:22:SCB_EnableDCache	24	static,ignoring_inline_asm
../Core/Src/main.c:142:5:_write	24	static
../Core/Src/main.c:148:6:ToggleLED	8	static
../Core/Src/main.c:163:5:main	72	static
../Core/Src/main.c:281:6:SystemClock_Config	88	static
../Core/Src/main.c:334:6:PeriphCommonClock_Config	144	static
../Core/Src/main.c:362:13:MX_ADC3_Init	24	static
../Core/Src/main.c:414:13:MX_CRC_Init	8	static
../Core/Src/main.c:445:13:MX_DCMI_Init	8	static
../Core/Src/main.c:482:13:MX_DMA2D_Init	8	static
../Core/Src/main.c:519:13:MX_ETH_Init	8	static
../Core/Src/main.c:568:13:MX_I2C1_Init	8	static
../Core/Src/main.c:616:13:MX_I2C3_Init	8	static
../Core/Src/main.c:664:13:MX_LTDC_Init	64	static
../Core/Src/main.c:726:13:MX_QUADSPI_Init	8	static
../Core/Src/main.c:761:13:MX_RTC_Init	72	static
../Core/Src/main.c:857:13:MX_SAI2_Init	8	static
../Core/Src/main.c:932:13:MX_SDMMC1_SD_Init	4	static
../Core/Src/main.c:960:13:MX_SPDIFRX_Init	8	static
../Core/Src/main.c:996:13:MX_TIM1_Init	112	static
../Core/Src/main.c:1076:13:MX_TIM2_Init	64	static
../Core/Src/main.c:1135:13:MX_TIM3_Init	64	static
../Core/Src/main.c:1194:13:MX_TIM5_Init	64	static
../Core/Src/main.c:1253:13:MX_TIM8_Init	40	static
../Core/Src/main.c:1300:13:MX_TIM12_Init	40	static
../Core/Src/main.c:1342:13:MX_USART1_UART_Init	8	static
../Core/Src/main.c:1377:13:MX_USART6_UART_Init	8	static
../Core/Src/main.c:1408:13:MX_FMC_Init	40	static
../Core/Src/main.c:1459:13:MX_GPIO_Init	72	static
../Core/Src/main.c:1636:6:StartDefaultTask	16	static
../Core/Src/main.c:1658:13:TouchGFX_Task	16	static
../Core/Src/main.c:1671:6:MPU_Config	24	static
../Core/Src/main.c:1717:6:HAL_TIM_PeriodElapsedCallback	16	static
../Core/Src/main.c:1734:6:Error_Handler	4	static,ignoring_inline_asm
