../Middlewares/ST/touchgfx/framework/include/touchgfx/Screen.hpp:104:18:virtual void touchgfx::Screen::afterTransition()	16	static
../Middlewares/ST/touchgfx/framework/include/touchgfx/Screen.hpp:115:18:virtual void touchgfx::Screen::tearDownScreen()	16	static
../Middlewares/ST/touchgfx/framework/include/touchgfx/Screen.hpp:144:18:virtual void touchgfx::Screen::handleTickEvent()	16	static
../Middlewares/ST/touchgfx/framework/include/touchgfx/Screen.hpp:154:18:virtual void touchgfx::Screen::handleKeyEvent(uint8_t)	16	static
../TouchGFX/gui/include/gui/order_screen/ORDERView.hpp:11:13:ORDERView::~ORDERView()	16	static
../TouchGFX/gui/include/gui/order_screen/ORDERView.hpp:11:13:virtual ORDERView::~ORDERView()	16	static
../TouchGFX/gui/src/order_screen/ORDERView.cpp:3:1:ORDERView::ORDERView()	16	static
../TouchGFX/gui/src/order_screen/ORDERView.cpp:8:6:virtual void ORDERView::setupScreen()	16	static
../TouchGFX/gui/src/order_screen/ORDERView.cpp:13:6:virtual void ORDERView::tearDownScreen()	16	static
