../Middlewares/ST/touchgfx/framework/include/touchgfx/Bitmap.hpp:136:5:touchgfx::Bitmap::Bitmap(touchgfx::BitmapId)	16	static
../Middlewares/ST/touchgfx/framework/include/touchgfx/Screen.hpp:104:18:virtual void touchgfx::Screen::afterTransition()	16	static
../Middlewares/ST/touchgfx/framework/include/touchgfx/Screen.hpp:115:18:virtual void touchgfx::Screen::tearDownScreen()	16	static
../Middlewares/ST/touchgfx/framework/include/touchgfx/Screen.hpp:144:18:virtual void touchgfx::Screen::handleTickEvent()	16	static
../Middlewares/ST/touchgfx/framework/include/touchgfx/Screen.hpp:154:18:virtual void touchgfx::Screen::handleKeyEvent(uint8_t)	16	static
../TouchGFX/gui/include/gui/model/Model.hpp:57:14:uint32_t Model::getCounter()	16	static
../TouchGFX/gui/include/gui/model/Model.hpp:67:14:uint32_t Model::getTotalPrice()	16	static
../TouchGFX/gui/include/gui/model/Model.hpp:72:14:uint16_t Model::getImageCode()	16	static
../TouchGFX/gui/include/gui/model/Model.hpp:77:9:int Model::getTextID()	16	static
../TouchGFX/gui/include/gui/payment_screen/PAYMENTPresenter.hpp:55:14:uint32_t PAYMENTPresenter::getCounter()	16	static
../TouchGFX/gui/include/gui/payment_screen/PAYMENTPresenter.hpp:65:14:uint32_t PAYMENTPresenter::getTotalPrice()	16	static
../TouchGFX/gui/include/gui/payment_screen/PAYMENTPresenter.hpp:70:14:uint16_t PAYMENTPresenter::getImageCode()	16	static
../TouchGFX/gui/include/gui/payment_screen/PAYMENTPresenter.hpp:75:9:int PAYMENTPresenter::getTextID()	16	static
../Middlewares/ST/touchgfx/framework/include/touchgfx/TypedText.hpp:59:5:touchgfx::TypedText::TypedText(touchgfx::TypedTextId)	16	static
../Middlewares/ST/touchgfx/framework/include/touchgfx/TypedText.hpp:65:13:touchgfx::TypedText::~TypedText()	16	static
../Middlewares/ST/touchgfx/framework/include/touchgfx/TypedText.hpp:65:13:virtual touchgfx::TypedText::~TypedText()	16	static
../TouchGFX/gui/include/gui/payment_screen/PAYMENTView.hpp:11:13:PAYMENTView::~PAYMENTView()	16	static
../TouchGFX/gui/include/gui/payment_screen/PAYMENTView.hpp:11:13:virtual PAYMENTView::~PAYMENTView()	16	static
../TouchGFX/gui/src/payment_screen/PAYMENTView.cpp:3:1:PAYMENTView::PAYMENTView()	16	static
../TouchGFX/gui/src/payment_screen/PAYMENTView.cpp:8:6:virtual void PAYMENTView::setupScreen()	40	static
../TouchGFX/gui/src/payment_screen/PAYMENTView.cpp:28:6:virtual void PAYMENTView::tearDownScreen()	16	static
../TouchGFX/gui/src/payment_screen/PAYMENTView.cpp:33:6:void PAYMENTView::formatPriceWithComma(uint32_t, touchgfx::Unicode::UnicodeChar*, uint16_t)	72	static
../TouchGFX/gui/src/payment_screen/PAYMENTView.cpp:56:6:virtual void PAYMENTView::transmittServer()	16	static
