../Drivers/CMSIS/Include/core_cm7.h:2229:22:SCB_EnableICache	4	static,ignoring_inline_asm
../Drivers/CMSIS/Include/core_cm7.h:2281:22:SCB_EnableDCache	24	static,ignoring_inline_asm
../Core/Src/main.c:133:5:main	72	static
../Core/Src/main.c:245:6:SystemClock_Config	88	static
../Core/Src/main.c:302:6:PeriphCommonClock_Config	144	static
../Core/Src/main.c:330:13:MX_ADC3_Init	24	static
../Core/Src/main.c:382:13:MX_CRC_Init	8	static
../Core/Src/main.c:413:13:MX_DCMI_Init	8	static
../Core/Src/main.c:450:13:MX_DMA2D_Init	8	static
../Core/Src/main.c:487:13:MX_I2C1_Init	8	static
../Core/Src/main.c:535:13:MX_I2C3_Init	8	static
../Core/Src/main.c:583:13:MX_LTDC_Init	64	static
../Core/Src/main.c:645:13:MX_QUADSPI_Init	8	static
../Core/Src/main.c:680:13:MX_RTC_Init	72	static
../Core/Src/main.c:776:13:MX_SAI2_Init	8	static
../Core/Src/main.c:851:13:MX_SDMMC1_SD_Init	4	static
../Core/Src/main.c:879:13:MX_SPDIFRX_Init	8	static
../Core/Src/main.c:915:13:MX_SPI2_Init	8	static
../Core/Src/main.c:955:13:MX_TIM1_Init	112	static
../Core/Src/main.c:1035:13:MX_TIM2_Init	64	static
../Core/Src/main.c:1094:13:MX_TIM3_Init	64	static
../Core/Src/main.c:1153:13:MX_TIM5_Init	64	static
../Core/Src/main.c:1212:13:MX_TIM8_Init	40	static
../Core/Src/main.c:1259:13:MX_TIM12_Init	40	static
../Core/Src/main.c:1301:13:MX_USART1_UART_Init	8	static
../Core/Src/main.c:1336:13:MX_USART6_UART_Init	8	static
../Core/Src/main.c:1367:13:MX_FMC_Init	40	static
../Core/Src/main.c:1418:13:MX_GPIO_Init	72	static
../Core/Src/main.c:1587:6:StartDefaultTask	16	static
../Core/Src/main.c:1615:13:StartTCPTask	16	static
../Core/Src/main.c:1636:6:HAL_TIM_PeriodElapsedCallback	16	static
../Core/Src/main.c:1653:6:Error_Handler	4	static,ignoring_inline_asm
