../Drivers/CMSIS/Include/core_cm7.h:2229:22:SCB_EnableICache	4	static,ignoring_inline_asm
../Drivers/CMSIS/Include/core_cm7.h:2281:22:SCB_EnableDCache	24	static,ignoring_inline_asm
../Core/Src/main.c:129:5:_write	24	static
../Core/Src/main.c:139:5:main	72	static
../Core/Src/main.c:251:6:SystemClock_Config	88	static
../Core/Src/main.c:308:6:PeriphCommonClock_Config	144	static
../Core/Src/main.c:336:13:MX_ADC3_Init	24	static
../Core/Src/main.c:388:13:MX_CRC_Init	8	static
../Core/Src/main.c:419:13:MX_DCMI_Init	8	static
../Core/Src/main.c:456:13:MX_DMA2D_Init	8	static
../Core/Src/main.c:493:13:MX_I2C1_Init	8	static
../Core/Src/main.c:541:13:MX_I2C3_Init	8	static
../Core/Src/main.c:589:13:MX_LTDC_Init	64	static
../Core/Src/main.c:651:13:MX_QUADSPI_Init	8	static
../Core/Src/main.c:686:13:MX_RTC_Init	72	static
../Core/Src/main.c:782:13:MX_SAI2_Init	8	static
../Core/Src/main.c:857:13:MX_SDMMC1_SD_Init	4	static
../Core/Src/main.c:885:13:MX_SPDIFRX_Init	8	static
../Core/Src/main.c:921:13:MX_SPI2_Init	8	static
../Core/Src/main.c:961:13:MX_TIM1_Init	112	static
../Core/Src/main.c:1041:13:MX_TIM2_Init	64	static
../Core/Src/main.c:1100:13:MX_TIM3_Init	64	static
../Core/Src/main.c:1159:13:MX_TIM5_Init	64	static
../Core/Src/main.c:1218:13:MX_TIM8_Init	40	static
../Core/Src/main.c:1265:13:MX_TIM12_Init	40	static
../Core/Src/main.c:1307:13:MX_USART1_UART_Init	8	static
../Core/Src/main.c:1342:13:MX_USART6_UART_Init	8	static
../Core/Src/main.c:1373:13:MX_FMC_Init	40	static
../Core/Src/main.c:1424:13:MX_GPIO_Init	72	static
../Core/Src/main.c:1593:6:StartDefaultTask	16	static
../Core/Src/main.c:1631:13:StartTCPTask	16	static
../Core/Src/main.c:1652:6:HAL_TIM_PeriodElapsedCallback	16	static
../Core/Src/main.c:1669:6:Error_Handler	4	static,ignoring_inline_asm
