../Drivers/CMSIS/Include/core_cm7.h:2229:22:SCB_EnableICache	4	static,ignoring_inline_asm
../Core/Src/main.c:121:5:_write	24	static
../Core/Src/main.c:137:5:main	104	static
../Core/Src/main.c:252:6:SystemClock_Config	88	static
../Core/Src/main.c:309:6:PeriphCommonClock_Config	144	static
../Core/Src/main.c:337:13:MX_ADC3_Init	24	static
../Core/Src/main.c:389:13:MX_CRC_Init	8	static
../Core/Src/main.c:420:13:MX_DCMI_Init	8	static
../Core/Src/main.c:457:13:MX_DMA2D_Init	8	static
../Core/Src/main.c:494:13:MX_I2C1_Init	8	static
../Core/Src/main.c:542:13:MX_I2C3_Init	8	static
../Core/Src/main.c:590:13:MX_LTDC_Init	64	static
../Core/Src/main.c:652:13:MX_QUADSPI_Init	8	static
../Core/Src/main.c:687:13:MX_RTC_Init	72	static
../Core/Src/main.c:783:13:MX_SAI2_Init	8	static
../Core/Src/main.c:858:13:MX_SDMMC1_SD_Init	4	static
../Core/Src/main.c:886:13:MX_SPDIFRX_Init	8	static
../Core/Src/main.c:922:13:MX_TIM1_Init	112	static
../Core/Src/main.c:1002:13:MX_TIM2_Init	64	static
../Core/Src/main.c:1061:13:MX_TIM3_Init	64	static
../Core/Src/main.c:1120:13:MX_TIM5_Init	64	static
../Core/Src/main.c:1179:13:MX_TIM8_Init	40	static
../Core/Src/main.c:1226:13:MX_TIM12_Init	40	static
../Core/Src/main.c:1268:13:MX_USART1_UART_Init	8	static
../Core/Src/main.c:1303:13:MX_USART6_UART_Init	8	static
../Core/Src/main.c:1334:13:MX_FMC_Init	40	static
../Core/Src/main.c:1385:13:MX_GPIO_Init	72	static
../Core/Src/main.c:1562:6:StartDefaultTask	16	static
../Core/Src/main.c:1588:13:TouchGFX_Task	16	static
../Core/Src/main.c:1606:6:StartEchoServerTask	16	static
../Core/Src/main.c:1635:6:HAL_TIM_PeriodElapsedCallback	16	static
../Core/Src/main.c:1652:6:Error_Handler	4	static,ignoring_inline_asm
